; QF_LRA splitter query time so far: 0.000000
sat
